Successfully retrieved statistics for job: 46048643. 
+------------------------------------------------------------------------------+
| GPU ID: 0                                                                    |
+====================================+=========================================+
|-----  Execution Stats  ------------+-----------------------------------------|
| Start Time                         | Mon Mar 16 13:59:56 2026                |
| End Time                           | Mon Mar 16 14:30:50 2026                |
| Total Execution Time (sec)         | 1853.84                                 |
| No. of Processes                   | 2                                       |
+-----  Performance Stats  ----------+-----------------------------------------+
| Energy Consumed (Joules)           | 166760                                  |
| Power Usage (Watts)                | Avg: 85.599, Max: 389.153, Min: 60.933  |
| Max GPU Memory Used (bytes)        | 84167098368                             |
| SM Clock (MHz)                     | Avg: 1294, Max: 1410, Min: 1080         |
| Memory Clock (MHz)                 | Avg: 1593, Max: 1593, Min: 1593         |
| SM Utilization (%)                 | Avg: 7, Max: 100, Min: 0                |
| Memory Utilization (%)             | Avg: 5, Max: 73, Min: 0                 |
| PCIe Rx Bandwidth (megabytes)      | Avg: N/A, Max: N/A, Min: N/A            |
| PCIe Tx Bandwidth (megabytes)      | Avg: N/A, Max: N/A, Min: N/A            |
+-----  Event Stats  ----------------+-----------------------------------------+
| Single Bit ECC Errors              | 0                                       |
| Double Bit ECC Errors              | 0                                       |
| PCIe Replay Warnings               | 0                                       |
| Critical XID Errors                | 0                                       |
+-----  Slowdown Stats  -------------+-----------------------------------------+
| Due to - Power (%)                 | 0                                       |
|        - Thermal (%)               | 0                                       |
|        - Reliability (%)           | Not Supported                           |
|        - Board Limit (%)           | Not Supported                           |
|        - Low Utilization (%)       | Not Supported                           |
|        - Sync Boost (%)            | 0                                       |
+--  Compute Process Utilization  ---+-----------------------------------------+
| PID                                | 984696                                  |
|     Avg SM Utilization (%)         | 8                                       |
|     Avg Memory Utilization (%)     | 0                                       |
| PID                                | 986354                                  |
|     Avg SM Utilization (%)         | 22                                      |
|     Avg Memory Utilization (%)     | 12                                      |
+-----  Overall Health  -------------+-----------------------------------------+
| Overall Health                     | Healthy                                 |
+------------------------------------+-----------------------------------------+

